[
  "CDYPSOAEO2A6SVQZ5TGNK7NILNPE4EGWMMM7LZ7EXJHW35FL2HNBCOH3",
  "CD34SNWZSGC2IDZLFI6QHAGGUMODBJ4XW2YRFXJ7EH6FW7GHMSHQZ5QJ",
  "CA3ZTKOD7CPVWXZF7DOSB6YBGQQ46UM2KFO6EJU6C43ZGQ6BNATLUAR2",
  "CBYTHHZD3EXRIW46P7DCURDMBWVS5MRBAP6TNVMK3IH7DHZ2RO2KCFEZ",
  "CA3A3OCCD3ZI4C4WNEWGLJ4L5MDWFGBWOAX2SDV3MZMFRQVALXNIBPYH",
  "CCR75UEA36CIM7GKFVLGQBJFMAEUQS32QHJZ6OZ3EY32Q6U7TBKS76GA"
]