TokenManagerDeployedEvent {
    token_id: BytesN<32>(2, 2, 2, 2, 2, 2, 2, 2, 2, 2, 2, 2, 2, 2, 2, 2, 2, 2, 2, 2, 2, 2, 2, 2, 2, 2, 2, 2, 2, 2, 2, 2),
    token_address: Contract(CAAAAAAAAAAAAAAAAAAAAAAAAAAAAAAAAAAAAAAAAAAAAAAAAAAAXI7N),
    token_manager: Contract(CBWI4S2MDPJCJJATEYQHNIS6BL4NF2Y4A7XWCT2BJMS466NAAZRG6XZZ),
    token_manager_type: MintBurn,
}

Contract(CAAAAAAAAAAAAAAAAAAAAAAAAAAAAAAAAAAAAAAAAAAAAAAAAAAAVAX5)

token_manager_deployed {
    #[topic] token_id: BytesN < 32 >,
    #[topic] token_address: Address,
    #[topic] token_manager: Address,
    #[topic] token_manager_type: TokenManagerType,
}