"its.migrate_token(&its_client, &upgrader_client, token_id.clone())":
    caller: Contract(CAAAAAAAAAAAAAAAAAAAAAAAAAAAAAAAAAAAAAAAAAAAAAAAAAAAOLZM)
        invocation: String(CAAAAAAAAAAAAAAAAAAAAAAAAAAAAAAAAAAAAAAAAAAAAAAAAAAAVAX5)."migrate_token"(Vec(Ok(Bytes(obj#1029)), Ok(Address(obj#1033)), Ok(String(obj#1037))))
