"upgrader.upgrade(...)":
    caller: Contract(CAAAAAAAAAAAAAAAAAAAAAAAAAAAAAAAAAAAAAAAAAAAAAAAAAAAOLZM)
        invocation: String(CAAAAAAAAAAAAAAAAAAAAAAAAAAAAAAAAAAAAAAAAAAAAAAAAAAAXI7N)."upgrade"(Vec(Ok(Address(obj#1243)), Ok(String(obj#1247)), Ok(Bytes(obj#1251)), Ok(Vec(obj#1265))))
"sub_invocation":
    caller: Contract(CAAAAAAAAAAAAAAAAAAAAAAAAAAAAAAAAAAAAAAAAAAAAAAAAAAAOLZM)
        invocation: String(CAAAAAAAAAAAAAAAAAAAAAAAAAAAAAAAAAAAAAAAAAAAAAAAAAAAVAX5)."upgrade"(Vec(Ok(Bytes(obj#1273))))
"sub_invocation":
    caller: Contract(CAAAAAAAAAAAAAAAAAAAAAAAAAAAAAAAAAAAAAAAAAAAAAAAAAAAOLZM)
        invocation: String(CAAAAAAAAAAAAAAAAAAAAAAAAAAAAAAAAAAAAAAAAAAAAAAAAAAAVAX5)."migrate"(Vec(Ok(Map(obj#1289))))


"its.migrate_token(...)":
    caller: Contract(CAAAAAAAAAAAAAAAAAAAAAAAAAAAAAAAAAAAAAAAAAAAAAAAAAAAOLZM)
        invocation: String(CAAAAAAAAAAAAAAAAAAAAAAAAAAAAAAAAAAAAAAAAAAAAAAAAAAAVAX5)."migrate_token"(Vec(Ok(Bytes(obj#1687)), Ok(Address(obj#1691)), Ok(String(obj#1695))))
    caller: Contract(CAAAAAAAAAAAAAAAAAAAAAAAAAAAAAAAAAAAAAAAAAAAAAAAAAAAVAX5)
        invocation: String(CC7ZVHW4YVGFA56HKRZAEWGNNMAKSAWBA5RCETYDDH7S6ILHLMVPFEUG)."upgrade"(Vec(Ok(Bytes(obj#1707))))
    caller: Contract(CAAAAAAAAAAAAAAAAAAAAAAAAAAAAAAAAAAAAAAAAAAAAAAAAAAAVAX5)
        invocation: String(CC7ZVHW4YVGFA56HKRZAEWGNNMAKSAWBA5RCETYDDH7S6ILHLMVPFEUG)."migrate"(Vec(Ok(Void)))
    caller: Contract(CAAAAAAAAAAAAAAAAAAAAAAAAAAAAAAAAAAAAAAAAAAAAAAAAAAAVAX5)
        invocation: String(CC7TGBMAWMUDGKT6HV3GCKA6QEJPYJDWDJJTKPY76AZUDROZNYNFDJNE)."upgrade"(Vec(Ok(Bytes(obj#1725))))
    caller: Contract(CAAAAAAAAAAAAAAAAAAAAAAAAAAAAAAAAAAAAAAAAAAAAAAAAAAAVAX5)
        invocation: String(CC7TGBMAWMUDGKT6HV3GCKA6QEJPYJDWDJJTKPY76AZUDROZNYNFDJNE)."migrate"(Vec(Ok(Void)))
