"upgrader.upgrade(...)":
    caller: Contract(CAAAAAAAAAAAAAAAAAAAAAAAAAAAAAAAAAAAAAAAAAAAAAAAAAAAOLZM)
        invocation: String(CAAAAAAAAAAAAAAAAAAAAAAAAAAAAAAAAAAAAAAAAAAAAAAAAAAAXI7N)."upgrade"(Vec(Ok(Address(obj#1079)), Ok(String(obj#1083)), Ok(Bytes(obj#1087)), Ok(Vec(obj#1101))))
"sub_invocation":
    caller: Contract(CAAAAAAAAAAAAAAAAAAAAAAAAAAAAAAAAAAAAAAAAAAAAAAAAAAAOLZM)
        invocation: String(CAAAAAAAAAAAAAAAAAAAAAAAAAAAAAAAAAAAAAAAAAAAAAAAAAAAVAX5)."upgrade"(Vec(Ok(Bytes(obj#1109))))
"sub_invocation":
    caller: Contract(CAAAAAAAAAAAAAAAAAAAAAAAAAAAAAAAAAAAAAAAAAAAAAAAAAAAOLZM)
        invocation: String(CAAAAAAAAAAAAAAAAAAAAAAAAAAAAAAAAAAAAAAAAAAAAAAAAAAAVAX5)."migrate"(Vec(Ok(Map(obj#1125))))


"migrate.migrate_token(...)":
    caller: Contract(CAAAAAAAAAAAAAAAAAAAAAAAAAAAAAAAAAAAAAAAAAAAAAAAAAAAVAX5)
        invocation: String(CAAAAAAAAAAAAAAAAAAAAAAAAAAAAAAAAAAAAAAAAAAAAAAAAAAAXI7N)."upgrade"(Vec(Ok(Address(obj#1509)), Ok(String(obj#1513)), Ok(Bytes(obj#1517)), Ok(Vec(obj#1521))))
"sub_invocation":
    caller: Contract(CAAAAAAAAAAAAAAAAAAAAAAAAAAAAAAAAAAAAAAAAAAAAAAAAAAAVAX5)
        invocation: String(CC7ZVHW4YVGFA56HKRZAEWGNNMAKSAWBA5RCETYDDH7S6ILHLMVPFEUG)."upgrade"(Vec(Ok(Bytes(obj#1529))))
"sub_invocation":
    caller: Contract(CAAAAAAAAAAAAAAAAAAAAAAAAAAAAAAAAAAAAAAAAAAAAAAAAAAAVAX5)
        invocation: String(CC7ZVHW4YVGFA56HKRZAEWGNNMAKSAWBA5RCETYDDH7S6ILHLMVPFEUG)."migrate"(Vec(Ok(Void)))
    caller: Contract(CAAAAAAAAAAAAAAAAAAAAAAAAAAAAAAAAAAAAAAAAAAAAAAAAAAAVAX5)
        invocation: String(CAAAAAAAAAAAAAAAAAAAAAAAAAAAAAAAAAAAAAAAAAAAAAAAAAAAXI7N)."upgrade"(Vec(Ok(Address(obj#1545)), Ok(String(obj#1549)), Ok(Bytes(obj#1553)), Ok(Vec(obj#1557))))
"sub_invocation":
    caller: Contract(CAAAAAAAAAAAAAAAAAAAAAAAAAAAAAAAAAAAAAAAAAAAAAAAAAAAVAX5)
        invocation: String(CC7TGBMAWMUDGKT6HV3GCKA6QEJPYJDWDJJTKPY76AZUDROZNYNFDJNE)."upgrade"(Vec(Ok(Bytes(obj#1565))))
"sub_invocation":
    caller: Contract(CAAAAAAAAAAAAAAAAAAAAAAAAAAAAAAAAAAAAAAAAAAAAAAAAAAAVAX5)
        invocation: String(CC7TGBMAWMUDGKT6HV3GCKA6QEJPYJDWDJJTKPY76AZUDROZNYNFDJNE)."migrate"(Vec(Ok(Void)))
