"upgrader.upgrade(...)":
    caller: Contract(CAAAAAAAAAAAAAAAAAAAAAAAAAAAAAAAAAAAAAAAAAAAAAAAAAAAOLZM)
        invocation: String(CAAAAAAAAAAAAAAAAAAAAAAAAAAAAAAAAAAAAAAAAAAAAAAAAAAAXI7N)."upgrade"(Vec(Ok(Address(obj#1217)), Ok(String(obj#1221)), Ok(Bytes(obj#1225)), Ok(Vec(obj#1239))))
"sub_invocation":
    caller: Contract(CAAAAAAAAAAAAAAAAAAAAAAAAAAAAAAAAAAAAAAAAAAAAAAAAAAAOLZM)
        invocation: String(CAAAAAAAAAAAAAAAAAAAAAAAAAAAAAAAAAAAAAAAAAAAAAAAAAAAVAX5)."upgrade"(Vec(Ok(Bytes(obj#1247))))
"sub_invocation":
    caller: Contract(CAAAAAAAAAAAAAAAAAAAAAAAAAAAAAAAAAAAAAAAAAAAAAAAAAAAOLZM)
        invocation: String(CAAAAAAAAAAAAAAAAAAAAAAAAAAAAAAAAAAAAAAAAAAAAAAAAAAAVAX5)."migrate"(Vec(Ok(Map(obj#1263))))
