"its.migrate_token(&its_client, &upgrader_client, token_id.clone())":
    caller: Contract(CAAAAAAAAAAAAAAAAAAAAAAAAAAAAAAAAAAAAAAAAAAAAAAAAAAAOLZM)
        invocation: String(CAAAAAAAAAAAAAAAAAAAAAAAAAAAAAAAAAAAAAAAAAAAAAAAAAAAVAX5)."migrate_token"(Vec(Ok(Bytes(obj#999)), Ok(Address(obj#1003)), Ok(String(obj#1007))))
    caller: Contract(CAAAAAAAAAAAAAAAAAAAAAAAAAAAAAAAAAAAAAAAAAAAAAAAAAAAVAX5)
        invocation: String(CBKVYG64LBXU4DHEDRKW3UD3HPQCKGLJGVTBTNTTK2OEVV5VW7PYURE3)."upgrade"(Vec(Ok(Bytes(obj#1019))))
    caller: Contract(CAAAAAAAAAAAAAAAAAAAAAAAAAAAAAAAAAAAAAAAAAAAAAAAAAAAVAX5)
        invocation: String(CBKVYG64LBXU4DHEDRKW3UD3HPQCKGLJGVTBTNTTK2OEVV5VW7PYURE3)."migrate"(Vec(Ok(Void)))
