TokenManagerDeployedEvent {
    token_id: BytesN<32>(4, 43, 221, 235, 105, 176, 252, 241, 155, 75, 38, 143, 140, 174, 161, 208, 141, 155, 87, 21, 138, 43, 237, 139, 9, 236, 248, 156, 127, 72, 236, 170),
    token_address: Contract(CCF7HWZ6PBT2MQ6AUBKXM4CPWAR2PO6ND34WXLB32NDAYD7KIKBAAS7I),
    token_manager: Contract(CC6EE5CT7KO7ESP6DT7SDKADA7SXTND2HCPQA2MX5MUNO7WRLZHN74NH),
    token_manager_type: MintBurn,
}

Contract(CAAAAAAAAAAAAAAAAAAAAAAAAAAAAAAAAAAAAAAAAAAAAAAAAAAAVAX5)

token_manager_deployed {
    #[topic] token_id: BytesN < 32 >,
    #[topic] token_address: Address,
    #[topic] token_manager: Address,
    #[topic] token_manager_type: TokenManagerType,
}