TokenManagerDeployedEvent {
    token_id: BytesN<32>(127, 60, 199, 172, 30, 8, 21, 148, 10, 241, 246, 188, 96, 212, 234, 84, 53, 106, 109, 125, 167, 249, 31, 45, 164, 255, 214, 11, 85, 184, 125, 106),
    token_address: Contract(CCF7HWZ6PBT2MQ6AUBKXM4CPWAR2PO6ND34WXLB32NDAYD7KIKBAAS7I),
    token_manager: Contract(CADUBC66ZDTBAOKN6XPHRLK5CS7WAXBZ7ZF2HUJVZZRCBCKZXMBWUIFL),
    token_manager_type: LockUnlock,
}

Contract(CAAAAAAAAAAAAAAAAAAAAAAAAAAAAAAAAAAAAAAAAAAAAAAAAAAAVAX5)

token_manager_deployed {
    #[topic] token_id: BytesN < 32 >,
    #[topic] token_address: Address,
    #[topic] token_manager: Address,
    #[topic] token_manager_type: TokenManagerType,
}