TokenManagerDeployedEvent {
    token_id: BytesN<32>(78, 120, 108, 149, 11, 1, 236, 47, 155, 82, 232, 231, 31, 128, 178, 186, 175, 191, 236, 138, 133, 150, 46, 254, 250, 33, 100, 91, 250, 169, 120, 153),
    token_address: Contract(CCF7HWZ6PBT2MQ6AUBKXM4CPWAR2PO6ND34WXLB32NDAYD7KIKBAAS7I),
    token_manager: Contract(CDMBN4GAFJ36NI7G7IVMKN5IGPUQY2PQ7MY76MKZBZPB6UFJCDCWL4B7),
    token_manager_type: LockUnlock,
}

Contract(CAAAAAAAAAAAAAAAAAAAAAAAAAAAAAAAAAAAAAAAAAAAAAAAAAAAVAX5)

token_manager_deployed {
    #[topic] token_id: BytesN < 32 >,
    #[topic] token_address: Address,
    #[topic] token_manager: Address,
    #[topic] token_manager_type: TokenManagerType,
}