TokenManagerDeployedEvent {
    token_id: BytesN<32>(66, 230, 184, 104, 98, 165, 5, 45, 26, 204, 41, 108, 44, 217, 165, 51, 22, 192, 231, 110, 43, 133, 91, 237, 153, 181, 240, 62, 204, 189, 162, 218),
    token_address: Contract(CCF7HWZ6PBT2MQ6AUBKXM4CPWAR2PO6ND34WXLB32NDAYD7KIKBAAS7I),
    token_manager: Contract(CD37YCSV5CDDK4GDBXEEIKXGHZ7EBAU5TABG5OLCTSJGQMXFXGTFIOEX),
    token_manager_type: LockUnlock,
}

Contract(CAAAAAAAAAAAAAAAAAAAAAAAAAAAAAAAAAAAAAAAAAAAAAAAAAAAVAX5)

token_manager_deployed {
    #[topic] token_id: BytesN < 32 >,
    #[topic] token_address: Address,
    #[topic] token_manager: Address,
    #[topic] token_manager_type: TokenManagerType,
}