TokenMetadataRegisteredEvent {
    token_address: Contract(CCF7CGAN3G4L2LJV6EB3GZKQSQY6YGJ4XEQYQVA7GXOYRGIQXSIWVBTI),
    decimals: 7,
}

Contract(CAAAAAAAAAAAAAAAAAAAAAAAAAAAAAAAAAAAAAAAAAAAAAAAAAAAVAX5)

token_metadata_registered {
    #[topic] token_address: Address,
    #[topic] decimals: u32,
}