"its.migrate_token(&its_client, &upgrader_client, token_id.clone())":
    caller: Contract(CAAAAAAAAAAAAAAAAAAAAAAAAAAAAAAAAAAAAAAAAAAAAAAAAAAAOLZM)
        invocation: String(CAAAAAAAAAAAAAAAAAAAAAAAAAAAAAAAAAAAAAAAAAAAAAAAAAAAVAX5)."migrate_token"(Vec(Ok(Bytes(obj#1491)), Ok(Address(obj#1495)), Ok(String(obj#1499))))
    caller: Contract(CAAAAAAAAAAAAAAAAAAAAAAAAAAAAAAAAAAAAAAAAAAAAAAAAAAAVAX5)
        invocation: String(CC7ZVHW4YVGFA56HKRZAEWGNNMAKSAWBA5RCETYDDH7S6ILHLMVPFEUG)."upgrade"(Vec(Ok(Bytes(obj#1511))))
    caller: Contract(CAAAAAAAAAAAAAAAAAAAAAAAAAAAAAAAAAAAAAAAAAAAAAAAAAAAVAX5)
        invocation: String(CC7ZVHW4YVGFA56HKRZAEWGNNMAKSAWBA5RCETYDDH7S6ILHLMVPFEUG)."migrate"(Vec(Ok(Void)))
    caller: Contract(CAAAAAAAAAAAAAAAAAAAAAAAAAAAAAAAAAAAAAAAAAAAAAAAAAAAVAX5)
        invocation: String(CC7TGBMAWMUDGKT6HV3GCKA6QEJPYJDWDJJTKPY76AZUDROZNYNFDJNE)."upgrade"(Vec(Ok(Bytes(obj#1529))))
    caller: Contract(CAAAAAAAAAAAAAAAAAAAAAAAAAAAAAAAAAAAAAAAAAAAAAAAAAAAVAX5)
        invocation: String(CC7TGBMAWMUDGKT6HV3GCKA6QEJPYJDWDJJTKPY76AZUDROZNYNFDJNE)."migrate"(Vec(Ok(Void)))
