"its.migrate_token(&its_client, &upgrader_client, token_id.clone())":
    caller: Contract(CAAAAAAAAAAAAAAAAAAAAAAAAAAAAAAAAAAAAAAAAAAAAAAAAAAAOLZM)
        invocation: String(CAAAAAAAAAAAAAAAAAAAAAAAAAAAAAAAAAAAAAAAAAAAAAAAAAAAVAX5)."migrate_token"(Vec(Ok(Bytes(obj#1525)), Ok(Address(obj#1529)), Ok(String(obj#1533))))
    caller: Contract(CAAAAAAAAAAAAAAAAAAAAAAAAAAAAAAAAAAAAAAAAAAAAAAAAAAAVAX5)
        invocation: String(CC7ZVHW4YVGFA56HKRZAEWGNNMAKSAWBA5RCETYDDH7S6ILHLMVPFEUG)."upgrade"(Vec(Ok(Bytes(obj#1545))))
    caller: Contract(CAAAAAAAAAAAAAAAAAAAAAAAAAAAAAAAAAAAAAAAAAAAAAAAAAAAVAX5)
        invocation: String(CC7ZVHW4YVGFA56HKRZAEWGNNMAKSAWBA5RCETYDDH7S6ILHLMVPFEUG)."migrate"(Vec(Ok(Void)))
    caller: Contract(CAAAAAAAAAAAAAAAAAAAAAAAAAAAAAAAAAAAAAAAAAAAAAAAAAAAVAX5)
        invocation: String(CC7TGBMAWMUDGKT6HV3GCKA6QEJPYJDWDJJTKPY76AZUDROZNYNFDJNE)."upgrade"(Vec(Ok(Bytes(obj#1563))))
    caller: Contract(CAAAAAAAAAAAAAAAAAAAAAAAAAAAAAAAAAAAAAAAAAAAAAAAAAAAVAX5)
        invocation: String(CC7TGBMAWMUDGKT6HV3GCKA6QEJPYJDWDJJTKPY76AZUDROZNYNFDJNE)."migrate"(Vec(Ok(Void)))
